#-----------------------------------------------------------
# Vivado v2024.2 (64-bit)
# SW Build 5239630 on Fri Nov 08 22:34:34 MST 2024
# IP Build 5239520 on Sun Nov 10 16:12:51 MST 2024
# SharedData Build 5239561 on Fri Nov 08 14:39:27 MST 2024
# Start of session at: Wed May 14 22:40:04 2025
# Process ID         : 27753
# Current directory  : /home/jellyfish/Documents/FPGA_Accelerated_Computer_Vision_on_Train_Active_Safety_System/src
# Command line       : vivado -source /home/jellyfish/Documents/FPGA_Accelerated_Computer_Vision_on_Train_Active_Safety_System/TRD/DPUCZDX8G_VAI_v3.0/prj/Vivado/hw/scripts/trd_prj.tcl
# Log file           : /home/jellyfish/Documents/FPGA_Accelerated_Computer_Vision_on_Train_Active_Safety_System/src/vivado.log
# Journal file       : /home/jellyfish/Documents/FPGA_Accelerated_Computer_Vision_on_Train_Active_Safety_System/src/vivado.jou
# Running On         : jellyfish-System-Product-Name
# Platform           : Ubuntu
# Operating System   : Ubuntu 24.04.2 LTS
# Processor Detail   : Intel(R) Core(TM) i7-8700 CPU @ 3.20GHz
# CPU Frequency      : 4388.041 MHz
# CPU Physical cores : 6
# CPU Logical cores  : 12
# Host memory        : 16681 MB
# Swap memory        : 17179 MB
# Total Virtual      : 33861 MB
# Available Virtual  : 27497 MB
#-----------------------------------------------------------
start_gui
source /home/jellyfish/Documents/FPGA_Accelerated_Computer_Vision_on_Train_Active_Safety_System/TRD/DPUCZDX8G_VAI_v3.0/prj/Vivado/hw/scripts/trd_prj.tcl
update_compile_order -fileset sources_1
